<html>
<body>
<pre>
<h1>µVision Build Log</h1>
<h2>Tool Versions:</h2>
IDE-Version: ¦ÌVision V5.36.0.0
Copyright (C) 2021 ARM Ltd and ARM Germany GmbH. All rights reserved.
License Information: 12 12, 12, LIC=X96CK-ZBTHH-MMS9I-TP6D7-Q86HB-ZNFEU
 
Tool Versions:
Toolchain:       MDK-ARM Plus  Version: 5.36.0.0
Toolchain Path:  D:\keil\Core\keil_v5\ARM\ARMCC\Bin
C Compiler:      Armcc.exe V5.06 update 7 (build 960)
Assembler:       Armasm.exe V5.06 update 7 (build 960)
Linker/Locator:  ArmLink.exe V5.06 update 7 (build 960)
Library Manager: ArmAr.exe V5.06 update 7 (build 960)
Hex Converter:   FromElf.exe V5.06 update 7 (build 960)
CPU DLL:         SARMCM3.DLL V5.36.0.0
Dialog DLL:      DCM.DLL V1.17.3.0
Target DLL:      CMSIS_AGDI.dll V1.33.0.0
Dialog DLL:      TCM.DLL V1.53.0.0
 
<h2>Project:</h2>
C:\Users\nano\Desktop\STM32CubeMXdemo\MPU6050\MDK-ARM\LED.uvprojx
Project File Date:  12/28/2023

<h2>Output:</h2>
*** Using Compiler 'V5.06 update 7 (build 960)', folder: 'D:\keil\Core\keil_v5\ARM\ARMCC\Bin'
Build target 'LED'
assembling startup_stm32f411xe.s...
compiling usart.c...
../HARDWARE/led/led.h(25): warning:  #1-D: last line of file ends without a newline
  #endif
../HARDWARE/usart/usart.h(15): warning:  #1-D: last line of file ends without a newline
  #endif
..\HARDWARE\usart\usart.c(57): warning:  #1-D: last line of file ends without a newline
  } 
..\HARDWARE\usart\usart.c: 3 warnings, 0 errors
compiling led.c...
../HARDWARE/led/led.h(25): warning:  #1-D: last line of file ends without a newline
  #endif
..\HARDWARE\led\led.c(36): warning:  #1-D: last line of file ends without a newline
  }
..\HARDWARE\led\led.c: 2 warnings, 0 errors
compiling key.c...
../HARDWARE/key/key.h(18): warning:  #1-D: last line of file ends without a newline
  #endif
..\HARDWARE\key\key.c(16): warning:  #1-D: last line of file ends without a newline
  }
..\HARDWARE\key\key.c(16): warning:  #940-D: missing return statement at end of non-void function "KEY_SCAN" 
  }
..\HARDWARE\key\key.c: 3 warnings, 0 errors
compiling stm32f4xx_it.c...
compiling exit.c...
../HARDWARE/exit/exit.h(9): warning:  #1-D: last line of file ends without a newline
  #endif
../HARDWARE/led/led.h(25): warning:  #1-D: last line of file ends without a newline
  #endif
../HARDWARE/bee/bee.h(11): warning:  #1-D: last line of file ends without a newline
  #endif
../HARDWARE/key/key.h(18): warning:  #1-D: last line of file ends without a newline
  #endif
..\HARDWARE\exit\exit.c: 4 warnings, 0 errors
compiling stm32f4xx_hal_tim.c...
compiling bee.c...
../HARDWARE/bee/bee.h(11): warning:  #1-D: last line of file ends without a newline
  #endif
..\HARDWARE\bee\bee.c(10): warning:  #1-D: last line of file ends without a newline
  }
..\HARDWARE\bee\bee.c: 2 warnings, 0 errors
compiling main.c...
../HARDWARE/led/led.h(25): warning:  #1-D: last line of file ends without a newline
  #endif
../HARDWARE/usart/usart.h(15): warning:  #1-D: last line of file ends without a newline
  #endif
../HARDWARE/exit/exit.h(9): warning:  #1-D: last line of file ends without a newline
  #endif
../HARDWARE/oled/oled.h(47): warning:  #1295-D: Deprecated declaration Picture - give arg types
  void Picture();
../HARDWARE/oled/oled.h(48): warning:  #1295-D: Deprecated declaration IIC_Start - give arg types
  void IIC_Start();
../HARDWARE/oled/oled.h(49): warning:  #1295-D: Deprecated declaration IIC_Stop - give arg types
  void IIC_Stop();
../HARDWARE/oled/oled.h(54): warning:  #1295-D: Deprecated declaration IIC_Wait_Ack - give arg types
  void IIC_Wait_Ack();
../HARDWARE/oled/oled.h(55): warning:  #1-D: last line of file ends without a newline
  #endif    
../Core/Src/main.c(102): warning:  #177-D: variable "data"  was declared but never referenced
    uint8_t data[] = {'A','P'};
../Core/Src/main.c: 9 warnings, 0 errors
compiling iic.c...
compiling oled.c...
..\HARDWARE\oled\oled.h(47): warning:  #1295-D: Deprecated declaration Picture - give arg types
  void Picture();
..\HARDWARE\oled\oled.h(48): warning:  #1295-D: Deprecated declaration IIC_Start - give arg types
  void IIC_Start();
..\HARDWARE\oled\oled.h(49): warning:  #1295-D: Deprecated declaration IIC_Stop - give arg types
  void IIC_Stop();
..\HARDWARE\oled\oled.h(54): warning:  #1295-D: Deprecated declaration IIC_Wait_Ack - give arg types
  void IIC_Wait_Ack();
..\HARDWARE\oled\oled.h(55): warning:  #1-D: last line of file ends without a newline
  #endif    
..\HARDWARE\oled\oledfont.h(256): warning:  #1-D: last line of file ends without a newline
  #endif
..\HARDWARE\oled\oled.c(221): warning:  #177-D: variable "y"  was declared but never referenced
  		uint8_t x,y;
..\HARDWARE\oled\oled.c(463): warning:  #1-D: last line of file ends without a newline
  }   
..\HARDWARE\oled\oled.c: 8 warnings, 0 errors
compiling stm32f4xx_hal_msp.c...
compiling stm32f4xx_hal_tim_ex.c...
compiling stm32f4xx_hal_flash_ex.c...
compiling stm32f4xx_hal_gpio.c...
compiling stm32f4xx_hal_flash.c...
compiling stm32f4xx_hal_rcc_ex.c...
compiling stm32f4xx_hal_flash_ramfunc.c...
compiling stm32f4xx_hal_rcc.c...
compiling stm32f4xx_hal_dma_ex.c...
compiling stm32f4xx_hal_pwr.c...
compiling stm32f4xx_hal_uart.c...
compiling stm32f4xx_hal_dma.c...
compiling stm32f4xx_hal_pwr_ex.c...
compiling stm32f4xx_hal.c...
compiling stm32f4xx_hal_cortex.c...
compiling system_stm32f4xx.c...
compiling stm32f4xx_hal_exti.c...
linking...
Program Size: Code=7144 RO-data=464 RW-data=24 ZI-data=1096  
FromELF: creating hex file...
"LED\LED.axf" - 0 Error(s), 31 Warning(s).

<h2>Software Packages used:</h2>

Package Vendor: ARM
                http://www.keil.com/pack/ARM.CMSIS.5.8.0.pack
                ARM.CMSIS.5.8.0
                CMSIS (Common Microcontroller Software Interface Standard)
   * Component: CORE Version: 5.5.0

Package Vendor: Keil
                http://www.keil.com/pack/Keil.STM32F4xx_DFP.2.15.0.pack
                Keil.STM32F4xx_DFP.2.15.0
                STMicroelectronics STM32F4 Series Device Support, Drivers and Examples

<h2>Collection of Component include folders:</h2>
  .\RTE\_LED
  D:\keil\Pack\ARM\CMSIS\5.8.0\CMSIS\Core\Include
  D:\keil\Pack\Keil\STM32F4xx_DFP\2.15.0\Drivers\CMSIS\Device\ST\STM32F4xx\Include

<h2>Collection of Component Files used:</h2>

   * Component: ARM::CMSIS:CORE:5.5.0
Build Time Elapsed:  00:00:08
</pre>
</body>
</html>
