<html>
<body>
<pre>
<h1>µVision Build Log</h1>
<h2>Tool Versions:</h2>
IDE-Version: ¦ÌVision V5.36.0.0
Copyright (C) 2021 ARM Ltd and ARM Germany GmbH. All rights reserved.
License Information: 12 12, 12, LIC=X96CK-ZBTHH-MMS9I-TP6D7-Q86HB-ZNFEU
 
Tool Versions:
Toolchain:       MDK-ARM Plus  Version: 5.36.0.0
Toolchain Path:  D:\keil\Core\keil_v5\ARM\ARMCC\Bin
C Compiler:      Armcc.exe V5.06 update 7 (build 960)
Assembler:       Armasm.exe V5.06 update 7 (build 960)
Linker/Locator:  ArmLink.exe V5.06 update 7 (build 960)
Library Manager: ArmAr.exe V5.06 update 7 (build 960)
Hex Converter:   FromElf.exe V5.06 update 7 (build 960)
CPU DLL:         SARMCM3.DLL V5.36.0.0
Dialog DLL:      DCM.DLL V1.17.3.0
Target DLL:      CMSIS_AGDI.dll V1.33.0.0
Dialog DLL:      TCM.DLL V1.53.0.0
 
<h2>Project:</h2>
C:\Users\nano\Desktop\STM32CubeMXdemo\F411\MDK-ARM\F411.uvprojx
Project File Date:  12/13/2023

<h2>Output:</h2>
*** Using Compiler 'V5.06 update 7 (build 960)', folder: 'D:\keil\Core\keil_v5\ARM\ARMCC\Bin'
Build target 'F411'
assembling startup_stm32f411xe.s...
compiling gpio.c...
compiling stm32f4xx_hal_msp.c...
compiling stm32f4xx_it.c...
compiling main.c...
compiling stm32f4xx_hal_rcc_ex.c...
compiling usart.c...
compiling stm32f4xx_hal_tim_ex.c...
compiling tim.c...
compiling stm32f4xx_hal_rcc.c...
compiling stm32f4xx_hal_flash.c...
compiling stm32f4xx_hal_tim.c...
compiling stm32f4xx_hal_flash_ramfunc.c...
compiling stm32f4xx_hal_flash_ex.c...
compiling stm32f4xx_hal_gpio.c...
compiling stm32f4xx_hal_pwr.c...
compiling stm32f4xx_hal_dma_ex.c...
compiling stm32f4xx_hal_pwr_ex.c...
compiling stm32f4xx_hal_cortex.c...
compiling stm32f4xx_hal.c...
compiling stm32f4xx_hal_dma.c...
compiling stm32f4xx_hal_exti.c...
compiling system_stm32f4xx.c...
compiling led.c...
compiling key.c...
compiling stm32f4xx_hal_uart.c...
compiling rupt.c...
compiling led_digital.c...
..\BSP\led_digital.c(12): warning:  #188-D: enumerated type mixed with another type
  	HAL_GPIO_WritePin(HC138_A0_GPIO_Port,HC138_A0_Pin,(GPIO_PinState)num&0x01);
..\BSP\led_digital.c(13): warning:  #188-D: enumerated type mixed with another type
  	HAL_GPIO_WritePin(HC138_A1_GPIO_Port,HC138_A1_Pin,(GPIO_PinState)(num&0x02)>>1);
..\BSP\led_digital.c(14): warning:  #188-D: enumerated type mixed with another type
  	HAL_GPIO_WritePin(HC138_A2_GPIO_Port,HC138_A2_Pin,(GPIO_PinState)(num&0x04)>>2);
..\BSP\led_digital.c(23): warning:  #188-D: enumerated type mixed with another type
  		HAL_GPIO_WritePin(HC595_DATA_GPIO_Port,HC595_DATA_Pin,(GPIO_PinState)(duan>>i)&0x01);
..\BSP\led_digital.c(54): warning:  #177-D: variable "tags"  was declared but never referenced
  	static int tags;//Î»ºÅ1-8
..\BSP\led_digital.c: 5 warnings, 0 errors
compiling muart.c...
compiling pwm.c...
compiling mtim.c...
linking...
Program Size: Code=6878 RO-data=466 RW-data=100 ZI-data=1196  
FromELF: creating hex file...
"F411\F411.axf" - 0 Error(s), 5 Warning(s).

<h2>Software Packages used:</h2>

Package Vendor: ARM
                http://www.keil.com/pack/ARM.CMSIS.5.8.0.pack
                ARM.CMSIS.5.8.0
                CMSIS (Common Microcontroller Software Interface Standard)
   * Component: CORE Version: 5.5.0

Package Vendor: Keil
                http://www.keil.com/pack/Keil.STM32F4xx_DFP.2.15.0.pack
                Keil.STM32F4xx_DFP.2.15.0
                STMicroelectronics STM32F4 Series Device Support, Drivers and Examples

<h2>Collection of Component include folders:</h2>
  .\RTE\_F411
  D:\keil\Pack\ARM\CMSIS\5.8.0\CMSIS\Core\Include
  D:\keil\Pack\Keil\STM32F4xx_DFP\2.15.0\Drivers\CMSIS\Device\ST\STM32F4xx\Include

<h2>Collection of Component Files used:</h2>

   * Component: ARM::CMSIS:CORE:5.5.0
      Include file:  CMSIS\Core\Include\tz_context.h
Build Time Elapsed:  00:00:11
</pre>
</body>
</html>
