<html>
<body>
<pre>
<h1>µVision Build Log</h1>
<h2>Tool Versions:</h2>
IDE-Version: ¦ÌVision V5.36.0.0
Copyright (C) 2021 ARM Ltd and ARM Germany GmbH. All rights reserved.
License Information: 12 12, 12, LIC=X96CK-ZBTHH-MMS9I-TP6D7-Q86HB-ZNFEU
 
Tool Versions:
Toolchain:       MDK-ARM Plus  Version: 5.36.0.0
Toolchain Path:  D:\keil\Core\keil_v5\ARM\ARMCC\Bin
C Compiler:      Armcc.exe V5.06 update 7 (build 960)
Assembler:       Armasm.exe V5.06 update 7 (build 960)
Linker/Locator:  ArmLink.exe V5.06 update 7 (build 960)
Library Manager: ArmAr.exe V5.06 update 7 (build 960)
Hex Converter:   FromElf.exe V5.06 update 7 (build 960)
CPU DLL:         SARMCM3.DLL V5.36.0.0
Dialog DLL:      DCM.DLL V1.17.3.0
Target DLL:      CMSIS_AGDI.dll V1.33.0.0
Dialog DLL:      TCM.DLL V1.53.0.0
 
<h2>Project:</h2>
C:\Users\nano\Desktop\AD\MDK-ARM\AD.uvprojx
Project File Date:  10/03/2023

<h2>Output:</h2>
*** Using Compiler 'V5.06 update 7 (build 960)', folder: 'D:\keil\Core\keil_v5\ARM\ARMCC\Bin'
Build target 'AD'
compiling main.c...
../Core/Src/main.c(73): warning:  #177-D: variable "data"  was declared but never referenced
    unsigned char data[25] = {'s','t','m','i','s','o','k'};
../Core/Src/main.c(75): warning:  #177-D: variable "count"  was declared but never referenced
  	int count = 0;
../Core/Src/main.c: 2 warnings, 0 errors
linking...
Program Size: Code=7004 RO-data=472 RW-data=20 ZI-data=1164  
FromELF: creating hex file...
"AD\AD.axf" - 0 Error(s), 2 Warning(s).

<h2>Software Packages used:</h2>

Package Vendor: ARM
                http://www.keil.com/pack/ARM.CMSIS.5.8.0.pack
                ARM.CMSIS.5.8.0
                CMSIS (Common Microcontroller Software Interface Standard)
   * Component: CORE Version: 5.5.0

Package Vendor: Keil
                http://www.keil.com/pack/Keil.STM32F4xx_DFP.2.15.0.pack
                Keil.STM32F4xx_DFP.2.15.0
                STMicroelectronics STM32F4 Series Device Support, Drivers and Examples

<h2>Collection of Component include folders:</h2>
  .\RTE\_AD
  D:\keil\Pack\ARM\CMSIS\5.8.0\CMSIS\Core\Include
  D:\keil\Pack\Keil\STM32F4xx_DFP\2.15.0\Drivers\CMSIS\Device\ST\STM32F4xx\Include

<h2>Collection of Component Files used:</h2>

   * Component: ARM::CMSIS:CORE:5.5.0
Build Time Elapsed:  00:00:01
</pre>
</body>
</html>
